{
    "smartnic": {
        "schema_version": {
            "major": "1",
            "minor": "0",
            "patch": "0"
        },
        "extensions": [
            {
                "version_info": {
                    "uuid": "8408532CD56B4CAE9D8DFD92BDB317DD",
                    "minor": "0",
                    "patch": "0"
                },
                "address_mapping": {
                    "offset": "0",
                    "aperture_size_bytes": "8388608"
                },
                "setup": {
                    "ebpf": "B702000001000000B703000010000000B7040000000000008500000010000000B7000000000000009500000000000000"
                },
                "messages": [
                    {
                        "id": "0",
                        "name": "table_op",
                        "param_size_bytes": "8",
                        "ebpf": "BF120000000000001811000000000000000000000000000079221000000000007123000000000000150305000000000018000000EAFFFFFF0000000000000000550313000100000018110000010000000000000000000000B703000000000000633AFCFF000000007123010000000000150307000100000018000000EAFFFFFF000000000000000055030A00000000000702000004000000B703000000000000850000001600000005000600000000000702000004000000BFA500000000000007050000FCFFFFFFB703000000000000B70400000000000085000000140000009500000000000000"
                    },
                    {
                        "id": "1",
                        "name": "read_counters",
                        "param_size_bytes": "16",
                        "ebpf": "7916100000000000B70100000400030085000000090000006306040000000000B70100000800030085000000090000006306080000000000B70100000C000300850000000900000063060C000000000061610000000000001501030000000000B701000000000300B7020000010000008500000008000000B7000000000000009500000000000000"
                    }
                ],
                "cam_instances": [
                    {
                        "id": "0",
                        "config": "010000000000000000000000000000040000002000010000000000038000000000000003A000010100FF0000000011E1A30011E1A30011E1A300000333326300"
                    },
                    {
                        "id": "1",
                        "config": "01000000000000000000000000000004000000200001000000000003A000000000000003C000010100FF0000000011E1A30011E1A30011E1A300000333326300"
                    }
                ]
            },
            {
                "version_info": {
                    "uuid": "E5F194AE0BA14E68BF617A27F421E29D",
                    "minor": "0",
                    "patch": "0"
                },
                "address_mapping": {
                    "offset": "0",
                    "aperture_size_bytes": "8388608"
                },
                "setup": {
                    "ebpf": "18020000FFFFFFFF000000000000000018030000FFFFFFFF0000000000000000B704000020000000850000000F000000B7000000000000009500000000000000"
                },
                "messages": [
                    {
                        "id": "0",
                        "name": "table_op",
                        "param_size_bytes": "8",
                        "ebpf": "BF120000000000001811000000000000000000000000000079221000000000007123000000000000150305000000000018000000EAFFFFFF0000000000000000550313000100000018110000010000000000000000000000B703000000000000633AFCFF000000007123010000000000150307000100000018000000EAFFFFFF000000000000000055030A00000000000702000004000000B703000000000000850000001600000005000600000000000702000004000000BFA500000000000007050000FCFFFFFFB703000000000000B70400000000000085000000140000009500000000000000"
                    },
                    {
                        "id": "1",
                        "name": "read_counters",
                        "param_size_bytes": "16",
                        "ebpf": "7916100000000000B70100000400020085000000090000006306040000000000B70100000800020085000000090000006306080000000000B70100000C000200850000000900000063060C000000000061610000000000001501030000000000B701000000000200B7020000010000008500000008000000B7000000000000009500000000000000"
                    }
                ],
                "cam_instances": [
                    {
                        "id": "0",
                        "config": "010000000000000000000000000000040000002000010000000000028000000000000002A000010100FF0000000011E1A30011E1A30011E1A300000333326300"
                    },
                    {
                        "id": "1",
                        "config": "01000000000000000000000000000004000000200001000000000002A000000000000002C000010100FF0000000011E1A30011E1A30011E1A300000333326300"
                    }
                ]
            }
        ]
    }
}
